
> app@1.0.0 test
> jest permissions

node.exe : FAIL __tests__/permissions.test.ts
At C:\Program Files\nodejs\npm.ps1:29 char:3
+   & $NODE_EXE $NPM_CLI_JS $args
+   ~~~~~~~~~~~~~~~~~~~~~~~~~~~~~
    + CategoryInfo          : NotSpecified: (FAIL __tes 
   ts__/permissions.test.ts:String) [], RemoteExceptio  
  n
    + FullyQualifiedErrorId : NativeCommandError
 
  ΓùÅ Test suite failed to run

    Cannot find module 'expo-location' from 
'__tests__/permissions.test.ts'

    [0m [90m  5 |[39m [36mimport[39m { 
[33mPlatform[39m } [36mfrom[39m 
[32m'react-native'[39m[33m;[39m
     [90m  6 |[39m
    [31m[1m>[22m[39m[90m  7 |[39m jest[33m.[39mm
ock([32m'expo-location'[39m)[33m;[39m
     [90m    |[39m      [31m[1m^[22m[39m
     [90m  8 |[39m jest[33m.[39mmock([32m'expo-noti
fications'[39m)[33m;[39m
     [90m  9 |[39m jest[33m.[39mmock([32m'expo-imag
e-picker'[39m)[33m;[39m
     [90m 10 |[39m[0m

      at Resolver._throwModNotFoundError 
(node_modules/jest-resolve/build/index.js:863:11)
      at Object.mock (__tests__/permissions.test.ts:7:6)

Test Suites: 1 failed, 1 total
Tests:       0 total
Snapshots:   0 total
Time:        0.719 s
Ran all test suites matching permissions.
